2026-06-19 23:49:46 +0000 [MT] Initial pipeline context: <IDEDistributionProcessingPipelineContext: 0xb779ad500; archive(resolved)="<IDEArchive: 0xb77a1c150>", distributionTask(resolved)="2", distributionDestination(resolved)="1", distributionMethod(resolved)="<IDEDistributionMethodDevelopmentSigned: 0xb7787f040>", team(resolved)="<IDEProvisioningBasicTeam: 0xb7a192940; teamID='KV8AVA749G', teamName='(null)'>">
	Chain (14, self inclusive):
	<IDEDistributionProcessingPipelineContext: 0xb779ad500; archive = "<IDEArchive: 0xb77a1c150>", distributionMethod="<IDEDistributionMethodDevelopmentSigned: 0xb7787f040>", team="<IDEProvisioningBasicTeam: 0xb7a192940; teamID='KV8AVA749G', teamName='(null)'>">
	<IDEDistributionProcessingPipelineContext: 0xb779acc00; archive = "<IDEArchive: 0xb77a1c150>", distributionMethod="<IDEDistributionMethodDevelopmentSigned: 0xb7787f040>", team="<IDEProvisioningBasicTeam: 0xb7a192940; teamID='KV8AVA749G', teamName='(null)'>">
	<IDEDistributionContext: 0xb7946a580; archive = "<IDEArchive: 0xb77a1c150>", distributionMethod="<IDEDistributionMethodDevelopmentSigned: 0xb7787f040>", team="<IDEProvisioningBasicTeam: 0xb7a192940; teamID='KV8AVA749G', teamName='(null)'>">
	<IDEDistributionContext: 0xb79469b80; archive = "<IDEArchive: 0xb77a1c150>", distributionMethod="<IDEDistributionMethodDevelopmentSigned: 0xb7787f040>", team="<IDEProvisioningBasicTeam: 0xb7a192940; teamID='KV8AVA749G', teamName='(null)'>">
	<IDEDistributionContext: 0xb79469900; archive = "<IDEArchive: 0xb77a1c150>", distributionMethod="<IDEDistributionMethodDevelopmentSigned: 0xb7787f040>", team="<IDEProvisioningBasicTeam: 0xb7a192940; teamID='KV8AVA749G', teamName='(null)'>">
	<IDEDistributionContext: 0xb79469680; archive = "<IDEArchive: 0xb77a1c150>", distributionMethod="<IDEDistributionMethodDevelopmentSigned: 0xb7787f040>", team="<IDEProvisioningBasicTeam: 0xb7a192940; teamID='KV8AVA749G', teamName='(null)'>">
	<IDEDistributionContext: 0xb79468f00; archive = "<IDEArchive: 0xb77a1c150>", distributionMethod="<IDEDistributionMethodDevelopmentSigned: 0xb7787f040>", team="<IDEProvisioningBasicTeam: 0xb7a192940; teamID='KV8AVA749G', teamName='(null)'>">
	<IDEDistributionContext: 0xb79468c80; archive = "<IDEArchive: 0xb77a1c150>", distributionMethod="<IDEDistributionMethodDevelopmentSigned: 0xb7787f040>", team="<IDEProvisioningBasicTeam: 0xb7a192940; teamID='KV8AVA749G', teamName='(null)'>">
	<IDEDistributionContext: 0xb79468500; archive = "<IDEArchive: 0xb77a1c150>", distributionMethod="<IDEDistributionMethodDevelopmentSigned: 0xb7787f040>", team="<IDEProvisioningBasicTeam: 0xb7a192940; teamID='KV8AVA749G', teamName='(null)'>">
	<IDEDistributionContext: 0xb79468a00; archive = "<IDEArchive: 0xb77a1c150>", distributionMethod="<IDEDistributionMethodDevelopmentSigned: 0xb7787f040>", team="(null)">
	<IDEDistributionContext: 0xb79468280; archive = "<IDEArchive: 0xb77a1c150>", distributionMethod="<IDEDistributionMethodDevelopmentSigned: 0xb7787f040>", team="(null)">
	<IDEDistributionContext: 0xb79468780; archive = "<IDEArchive: 0xb77a1c150>", distributionMethod="<IDEDistributionMethodDevelopmentSigned: 0xb7787f040>", team="(null)">
	<IDEDistributionContext: 0xb79468000; archive = "<IDEArchive: 0xb77a1c150>", distributionMethod="<IDEDistributionMethodDevelopmentSigned: 0xb7787f040>", team="(null)">
	<IDEDistributionContext: 0x10345a070; archive = "<IDEArchive: 0xb77a1c150>", distributionMethod="(null)", team="(null)">
</IDEDistributionProcessingPipelineContext: 0xb779ad500>
2026-06-19 23:49:46 +0000 [MT] Processing step: IDEDistributionCreateDestRootStep
2026-06-19 23:49:46 +0000 [MT] Processing step: IDEDistributionCopyItemStep
2026-06-19 23:49:46 +0000 [MT] Running /usr/bin/ditto '-V' '/Users/dino/code/git/lispers.net/ios/build/LispersNet.xcarchive/Products/Applications/LispersNet.app' '/var/folders/78/lw5rmxwj64q27c_pj0lqz8480000gn/T/XcodeDistPipeline.~~~E6zoNp/Root/Payload/LispersNet.app'
2026-06-19 23:49:46 +0000  >>> Copying /Users/dino/code/git/lispers.net/ios/build/LispersNet.xcarchive/Products/Applications/LispersNet.app 
2026-06-19 23:49:46 +0000  copying file ./_CodeSignature/CodeResources ... 
2026-06-19 23:49:46 +0000  2775 bytes for ./_CodeSignature/CodeResources
2026-06-19 23:49:46 +0000  copying file ./AppIcon60x60@2x.png ... 
2026-06-19 23:49:46 +0000  9845 bytes for ./AppIcon60x60@2x.png
2026-06-19 23:49:46 +0000  copying file ./LispersNet ... 
2026-06-19 23:49:46 +0000  814672 bytes for ./LispersNet
2026-06-19 23:49:46 +0000  copying file ./Assets.car ... 
2026-06-19 23:49:46 +0000  362680 bytes for ./Assets.car
2026-06-19 23:49:46 +0000  copying file ./AppIcon76x76@2x~ipad.png ... 
2026-06-19 23:49:46 +0000  13530 bytes for ./AppIcon76x76@2x~ipad.png
2026-06-19 23:49:46 +0000  copying file ./embedded.mobileprovision ... 
2026-06-19 23:49:46 +0000  12284 bytes for ./embedded.mobileprovision
2026-06-19 23:49:46 +0000  copying file ./Info.plist ... 
2026-06-19 23:49:46 +0000  1728 bytes for ./Info.plist
2026-06-19 23:49:46 +0000  copying file ./PkgInfo ... 
2026-06-19 23:49:46 +0000  8 bytes for ./PkgInfo
2026-06-19 23:49:46 +0000 [MT] /usr/bin/ditto exited with 0
2026-06-19 23:49:46 +0000 [MT] Processing step: IDEDistributionEmbedProfileStep
2026-06-19 23:49:46 +0000 [MT] Processing step: IDEDistributionInfoPlistStep
2026-06-19 23:49:46 +0000 [MT] Skipping step: IDEDistributionInfoPlistStep because it said so
2026-06-19 23:49:46 +0000 [MT] Processing step: IDEDistributionAppThinningPlistStep
2026-06-19 23:49:46 +0000 [MT] Skipping step: IDEDistributionAppThinningPlistStep because it said so
2026-06-19 23:49:46 +0000 [MT] Processing step: IDEDistributionSymbolsStep
2026-06-19 23:49:46 +0000 [MT] Skipping step: IDEDistributionSymbolsStep because it said so
2026-06-19 23:49:46 +0000 [MT] Processing step: IDEDistributionAppThinningStep
2026-06-19 23:49:46 +0000 [MT] Skipping step: IDEDistributionAppThinningStep because it said so
2026-06-19 23:49:46 +0000 [MT] Processing step: IDEDistributionArchThinningStep
2026-06-19 23:49:46 +0000 [MT] Archs to thin for item /Users/dino/code/git/lispers.net/ios/build/LispersNet.xcarchive/Products/Applications/LispersNet.app are []
2026-06-19 23:49:46 +0000 [MT] Processing step: IDEDistributionODRStep
2026-06-19 23:49:46 +0000 [MT] Processing step: IDEDistributionStripXattrsStep
2026-06-19 23:49:46 +0000 [MT] Skipping stripping extended attributes because the codesign step will strip them.
2026-06-19 23:49:46 +0000 [MT] Processing step: IDEDistributionCodesignStep
2026-06-19 23:49:46 +0000 [MT] Entitlements for <IDEDistributionItem: 0xb79fb6520; bundleID='net.lispers.xtr', path='<DVTFilePath:0xb79fb4960:'/Users/dino/code/git/lispers.net/ios/build/LispersNet.xcarchive/Products/Applications/LispersNet.app'>', codeSigningInfo='<_DVTCodeSigningInformation_Path: 0xb79fb5c80; isSigned='1', isAdHocSigned='0', signingCertificate='<DVTSigningCertificate: 0xb79484000; name='Apple Development: Dino Farinacci (4NJPLD8H35)', hash='6FAE91495C1229321F7FD9F62DEE06BB294E767B', serialNumber='71DC45FF1DDBFE5E2067EA0EC750F518', certificateKinds='(
    "1.2.840.113635.100.6.1.12",
    "1.2.840.113635.100.6.1.2"
), issueDate='2026-06-18 23:56:35 +0000''>', entitlements='{
    "application-identifier" = "KV8AVA749G.net.lispers.xtr";
    "com.apple.developer.team-identifier" = KV8AVA749G;
    "get-task-allow" = 1;
}', teamID='KV8AVA749G', identifier='net.lispers.xtr', executablePath='<DVTFilePath:0xb79fb5ce0:'/Users/dino/code/git/lispers.net/ios/build/LispersNet.xcarchive/Products/Applications/LispersNet.app/LispersNet'>', hardenedRuntime='0'>'>: {
    "application-identifier" = "KV8AVA749G.net.lispers.xtr";
    "com.apple.developer.team-identifier" = KV8AVA749G;
    "get-task-allow" = 1;
}
2026-06-19 23:49:46 +0000 [MT] Associated App Clip Identifiers Filter: Skipping because "com.apple.developer.associated-appclip-app-identifiers" is not present
2026-06-19 23:49:46 +0000 [MT] Entitlements for <IDEDistributionItem: 0xb79fb6520; bundleID='net.lispers.xtr', path='<DVTFilePath:0xb79fb4960:'/Users/dino/code/git/lispers.net/ios/build/LispersNet.xcarchive/Products/Applications/LispersNet.app'>', codeSigningInfo='<_DVTCodeSigningInformation_Path: 0xb79fb5c80; isSigned='1', isAdHocSigned='0', signingCertificate='<DVTSigningCertificate: 0xb794846c0; name='Apple Development: Dino Farinacci (4NJPLD8H35)', hash='6FAE91495C1229321F7FD9F62DEE06BB294E767B', serialNumber='71DC45FF1DDBFE5E2067EA0EC750F518', certificateKinds='(
    "1.2.840.113635.100.6.1.12",
    "1.2.840.113635.100.6.1.2"
), issueDate='2026-06-18 23:56:35 +0000''>', entitlements='{
    "application-identifier" = "KV8AVA749G.net.lispers.xtr";
    "com.apple.developer.team-identifier" = KV8AVA749G;
    "get-task-allow" = 1;
}', teamID='KV8AVA749G', identifier='net.lispers.xtr', executablePath='<DVTFilePath:0xb79fb5ce0:'/Users/dino/code/git/lispers.net/ios/build/LispersNet.xcarchive/Products/Applications/LispersNet.app/LispersNet'>', hardenedRuntime='0'>'> are: {
    "application-identifier" = "KV8AVA749G.net.lispers.xtr";
    "com.apple.developer.team-identifier" = KV8AVA749G;
    "get-task-allow" = 1;
}
2026-06-19 23:49:46 +0000 [MT] Writing entitlements for <IDEDistributionItem: 0xb79fb6520; bundleID='net.lispers.xtr', path='<DVTFilePath:0xb79fb4960:'/Users/dino/code/git/lispers.net/ios/build/LispersNet.xcarchive/Products/Applications/LispersNet.app'>', codeSigningInfo='<_DVTCodeSigningInformation_Path: 0xb79fb5c80; isSigned='1', isAdHocSigned='0', signingCertificate='<DVTSigningCertificate: 0xb794846c0; name='Apple Development: Dino Farinacci (4NJPLD8H35)', hash='6FAE91495C1229321F7FD9F62DEE06BB294E767B', serialNumber='71DC45FF1DDBFE5E2067EA0EC750F518', certificateKinds='(
    "1.2.840.113635.100.6.1.12",
    "1.2.840.113635.100.6.1.2"
), issueDate='2026-06-18 23:56:35 +0000''>', entitlements='{
    "application-identifier" = "KV8AVA749G.net.lispers.xtr";
    "com.apple.developer.team-identifier" = KV8AVA749G;
    "get-task-allow" = 1;
}', teamID='KV8AVA749G', identifier='net.lispers.xtr', executablePath='<DVTFilePath:0xb79fb5ce0:'/Users/dino/code/git/lispers.net/ios/build/LispersNet.xcarchive/Products/Applications/LispersNet.app/LispersNet'>', hardenedRuntime='0'>'> to: /var/folders/78/lw5rmxwj64q27c_pj0lqz8480000gn/T/XcodeDistPipeline.~~~E6zoNp/entitlements~~~lGngWT
2026-06-19 23:49:46 +0000 [MT] invoking codesign: <NSConcreteTask: 0xb775c1770; launchPath='/usr/bin/codesign', arguments='(
    "-f",
    "-s",
    6FAE91495C1229321F7FD9F62DEE06BB294E767B,
    "--entitlements",
    "/var/folders/78/lw5rmxwj64q27c_pj0lqz8480000gn/T/XcodeDistPipeline.~~~E6zoNp/entitlements~~~lGngWT",
    "--preserve-metadata=identifier,flags,runtime,launch-constraints,library-constraints",
    "--generate-entitlement-der",
    "--strip-disallowed-xattrs",
    "-vvv",
    "/var/folders/78/lw5rmxwj64q27c_pj0lqz8480000gn/T/XcodeDistPipeline.~~~E6zoNp/Root/Payload/LispersNet.app"
)'>
2026-06-19 23:49:46 +0000 [MT] codesign output: /var/folders/78/lw5rmxwj64q27c_pj0lqz8480000gn/T/XcodeDistPipeline.~~~E6zoNp/Root/Payload/LispersNet.app: replacing existing signature
/var/folders/78/lw5rmxwj64q27c_pj0lqz8480000gn/T/XcodeDistPipeline.~~~E6zoNp/Root/Payload/LispersNet.app: signed app bundle with Mach-O thin (arm64) [net.lispers.xtr]
2026-06-19 23:49:46 +0000 [MT] Processing step: IDEDistributionZipODRItemStep
2026-06-19 23:49:46 +0000 [MT] Skipping step: IDEDistributionZipODRItemStep because it said so
2026-06-19 23:49:46 +0000 [MT] Processing step: IDEDistributionCreateIPAStep
2026-06-19 23:49:46 +0000 [MT] Running /usr/bin/ditto '-V' '-c' '-k' '--norsrc' '/var/folders/78/lw5rmxwj64q27c_pj0lqz8480000gn/T/XcodeDistPipeline.~~~E6zoNp/Root' '/var/folders/78/lw5rmxwj64q27c_pj0lqz8480000gn/T/XcodeDistPipeline.~~~E6zoNp/Packages/LispersNet.ipa'
2026-06-19 23:49:46 +0000  >>> Copying /var/folders/78/lw5rmxwj64q27c_pj0lqz8480000gn/T/XcodeDistPipeline.~~~E6zoNp/Root 
2026-06-19 23:49:46 +0000  copying file ./Payload/LispersNet.app/_CodeSignature/CodeResources ... 
2026-06-19 23:49:46 +0000  2775 bytes for ./Payload/LispersNet.app/_CodeSignature/CodeResources
2026-06-19 23:49:46 +0000  copying file ./Payload/LispersNet.app/AppIcon60x60@2x.png ... 
2026-06-19 23:49:46 +0000  9845 bytes for ./Payload/LispersNet.app/AppIcon60x60@2x.png
2026-06-19 23:49:46 +0000  copying file ./Payload/LispersNet.app/LispersNet ... 
2026-06-19 23:49:46 +0000  814672 bytes for ./Payload/LispersNet.app/LispersNet
2026-06-19 23:49:46 +0000  copying file ./Payload/LispersNet.app/Assets.car ... 
2026-06-19 23:49:46 +0000  362680 bytes for ./Payload/LispersNet.app/Assets.car
2026-06-19 23:49:46 +0000  copying file ./Payload/LispersNet.app/AppIcon76x76@2x~ipad.png ... 
2026-06-19 23:49:46 +0000  13530 bytes for ./Payload/LispersNet.app/AppIcon76x76@2x~ipad.png
2026-06-19 23:49:46 +0000  copying file ./Payload/LispersNet.app/embedded.mobileprovision ... 
2026-06-19 23:49:46 +0000  12284 bytes for ./Payload/LispersNet.app/embedded.mobileprovision
2026-06-19 23:49:46 +0000  copying file ./Payload/LispersNet.app/Info.plist ... 
2026-06-19 23:49:46 +0000  1728 bytes for ./Payload/LispersNet.app/Info.plist
copying file ./Payload/LispersNet.app/PkgInfo ... 
2026-06-19 23:49:46 +0000  8 bytes for ./Payload/LispersNet.app/PkgInfo
2026-06-19 23:49:46 +0000 [MT] /usr/bin/ditto exited with 0
2026-06-19 23:49:46 +0000 [MT] Processing step: IDEDistributionAppStoreInformationStep
2026-06-19 23:49:46 +0000 [MT] Skipping step: IDEDistributionAppStoreInformationStep because it said so
2026-06-19 23:49:46 +0000 [MT] Processing step: IDEDistributionGenerateProcessedDistributionItems
2026-06-19 23:49:46 +0000 [MT] IDEDistributionItem init <DVTFilePath:0xb7a338360:'/var/folders/78/lw5rmxwj64q27c_pj0lqz8480000gn/T/XcodeDistPipeline.~~~E6zoNp/Root/Payload/LispersNet.app'>
2026-06-19 23:49:46 +0000 [MT] Processing step: IDEDistributionCreateManifestStep
